[INFO][2026-01-12 10:49:27,792][asr_client.py][rec][128] > raw message: 好好学习天天向上
[INFO][2026-01-12 10:49:27,804][asr_client.py][rec][137] > filted message: 好好学习天天向上
[INFO][2026-01-12 10:50:40,556][asr_client.py][rec][128] > raw message: 好好学习天天向上
[INFO][2026-01-12 10:50:40,556][asr_client.py][rec][137] > filted message: 好好学习天天向上
[INFO][2026-01-12 10:58:39,692][asr_client.py][rec][128] > raw message: 好好学习天天向上
[INFO][2026-01-12 10:58:39,692][asr_client.py][rec][137] > filted message: 好好学习天天向上
[INFO][2026-01-12 11:06:52,940][asr_client.py][rec][128] > raw message: 是菜
[INFO][2026-01-12 11:06:52,940][asr_client.py][rec][137] > filted message: 是菜
[INFO][2026-01-12 11:07:08,245][asr_client.py][rec][128] > raw message: 好好学习天天向上
[INFO][2026-01-12 11:07:08,245][asr_client.py][rec][137] > filted message: 好好学习天天向上
[INFO][2026-01-12 11:07:36,616][asr_client.py][rec][128] > raw message: 好好学习天天向上
[INFO][2026-01-12 11:07:36,616][asr_client.py][rec][137] > filted message: 好好学习天天向上
[INFO][2026-01-12 11:07:49,560][asr_client.py][rec][128] > raw message: 那个
[INFO][2026-01-12 11:07:49,561][asr_client.py][rec][137] > filted message: 那个
[INFO][2026-01-12 11:14:25,828][asr_client.py][rec][128] > raw message: 好好学习天天向上
[INFO][2026-01-12 11:14:25,828][asr_client.py][rec][137] > filted message: 好好学习天天向上
[INFO][2026-01-12 11:14:39,230][asr_client.py][rec][128] > raw message: 好好学习天天向上
[INFO][2026-01-12 11:14:39,231][asr_client.py][rec][137] > filted message: 好好学习天天向上
[INFO][2026-01-12 11:14:50,933][asr_client.py][rec][128] > raw message: 你知道吗
[INFO][2026-01-12 11:14:50,933][asr_client.py][rec][137] > filted message: 你知道吗
[INFO][2026-01-12 11:14:51,820][asr_client.py][rec][128] > raw message: 这样吧
[INFO][2026-01-12 11:14:51,821][asr_client.py][rec][137] > filted message: 这样吧
[INFO][2026-01-12 11:15:03,596][asr_client.py][rec][128] > raw message: 唉呀
[INFO][2026-01-12 11:15:03,597][asr_client.py][rec][137] > filted message: 唉呀
[INFO][2026-01-12 11:15:04,742][asr_client.py][rec][128] > raw message: 是吧
[INFO][2026-01-12 11:15:04,742][asr_client.py][rec][137] > filted message: 是吧
[INFO][2026-01-12 11:15:08,308][asr_client.py][rec][128] > raw message: 请坐
[INFO][2026-01-12 11:15:08,309][asr_client.py][rec][137] > filted message: 请坐
[INFO][2026-01-12 11:15:19,870][asr_client.py][rec][128] > raw message: 好好学习天天向上
[INFO][2026-01-12 11:15:19,871][asr_client.py][rec][137] > filted message: 好好学习天天向上
[INFO][2026-01-12 11:15:35,758][asr_client.py][rec][128] > raw message: 北京今天发生了哪些新闻
[INFO][2026-01-12 11:15:35,758][asr_client.py][rec][137] > filted message: 北京今天发生了哪些新闻
[INFO][2026-01-12 11:16:03,563][asr_client.py][rec][128] > raw message: 那个
[INFO][2026-01-12 11:16:03,563][asr_client.py][rec][137] > filted message: 那个
